[www.californialogodesigns.com/portfolio.html]
[backblue.gif]
[fade.gif]
[index.html]
[www.californialogodesigns.com/css/layout.css]
[www.californialogodesigns.com/css/animate.css]
[www.californialogodesigns.com/css/jquery.fancybox.min.css]
[www.californialogodesigns.com/css/fancybox.css]
[www.californialogodesigns.com/css/slick.css]
[www.californialogodesigns.com/css/style.css]
[www.californialogodesigns.com/css/responsive.css]
[www.californialogodesigns.com/css/font-awesome.min.css]
[cdnjs.cloudflare.com/ajax/libs/font-awesome/6.2.0/css/all.min.css]
[cdnjs.cloudflare.com/ajax/libs/font-awesome/4.7.0/css/font-awesome.css]
[www.californialogodesigns.com/images/favicon.png]
[cdn.projectcamp.io/cookies.js]
[www.californialogodesigns.com/index.html]
[www.californialogodesigns.com/logo-design.html]
[www.californialogodesigns.com/video-animation.html]
[www.californialogodesigns.com/web-design-and-development.html]
[www.californialogodesigns.com/print.html]
[www.californialogodesigns.com/mobile-app.html]
[www.californialogodesigns.com/3d-logo-design.html]
[www.californialogodesigns.com/2d-logo-design.html]
[www.californialogodesigns.com/mascot-logo-design.html]
[www.californialogodesigns.com/logo-illustration.html]
[www.californialogodesigns.com/contact-us.html]
[www.californialogodesigns.com/packages.html]
[www.californialogodesigns.com/privacy.html]
[www.californialogodesigns.com/terms.html]
[www.californialogodesigns.com/images/logo2.png]
[www.californialogodesigns.com/images/port-bnrimg2.png]
[www.californialogodesigns.com/images/portfolio/2D-logo-design/2.gif]
[www.californialogodesigns.com/images/portfolio/2D-logo-design/4.gif]
[www.californialogodesigns.com/images/portfolio/2D-logo-design/5.gif]
[www.californialogodesigns.com/images/portfolio/2D-logo-design/6.gif]
[www.californialogodesigns.com/images/portfolio/2D-logo-design/11.gif]
[www.californialogodesigns.com/images/portfolio/2D-logo-design/7.gif]
[www.californialogodesigns.com/images/portfolio/2D-logo-design/9.gif]
[www.californialogodesigns.com/images/portfolio/2D-logo-design/8.gif]
[www.californialogodesigns.com/images/portfolio/2D-logo-design/10.gif]
[www.californialogodesigns.com/images/portfolio/3D-logo-design/1.gif]
[www.californialogodesigns.com/images/portfolio/3D-logo-design/2.gif]
[www.californialogodesigns.com/images/portfolio/3D-logo-design/3.gif]
[www.californialogodesigns.com/animated-logo-design.html]
[www.californialogodesigns.com/images/portfolio/3D-logo-design/5.gif]
[www.californialogodesigns.com/images/portfolio/3D-logo-design/4.gif]
[www.californialogodesigns.com/images/portfolio/3D-logo-design/6.gif]
[www.californialogodesigns.com/images/portfolio/3D-logo-design/7.gif]
[www.californialogodesigns.com/images/portfolio/3D-logo-design/8.gif]
[www.californialogodesigns.com/images/portfolio/3D-logo-design/9.gif]
[www.californialogodesigns.com/images/portfolio/iconic logo/1.jpg]
[www.californialogodesigns.com/images/portfolio/iconic logo/2.jpg]
[www.californialogodesigns.com/images/portfolio/iconic logo/3.jpg]
[www.californialogodesigns.com/images/portfolio/iconic logo/4.jpg]
[www.californialogodesigns.com/images/portfolio/iconic logo/5.jpg]
[www.californialogodesigns.com/images/portfolio/iconic logo/6.jpg]
[www.californialogodesigns.com/images/portfolio/iconic logo/7.jpg]
[www.californialogodesigns.com/images/portfolio/iconic logo/8.jpg]
[www.californialogodesigns.com/images/portfolio/iconic logo/9.jpg]
[www.californialogodesigns.com/images/portfolio/mascot-logos/1.jpg]
[www.californialogodesigns.com/images/portfolio/mascot-logos/2.jpg]
[www.californialogodesigns.com/images/portfolio/mascot-logos/3.jpg]
[www.californialogodesigns.com/images/portfolio/mascot-logos/4.jpg]
[www.californialogodesigns.com/images/portfolio/mascot-logos/5.png]
[www.californialogodesigns.com/images/portfolio/mascot-logos/6.png]
[www.californialogodesigns.com/images/portfolio/mascot-logos/8.jpg]
[www.californialogodesigns.com/images/portfolio/mascot-logos/7.jpg]
[www.californialogodesigns.com/images/portfolio/mascot-logos/9.jpg]
[www.californialogodesigns.com/images/portfolio/illustration-logos/1.jpg]
[www.californialogodesigns.com/images/portfolio/illustration-logos/2.jpg]
[www.californialogodesigns.com/images/portfolio/illustration-logos/3.jpg]
[www.californialogodesigns.com/images/portfolio/illustration-logos/4.jpg]
[www.californialogodesigns.com/images/portfolio/illustration-logos/5.jpg]
[www.californialogodesigns.com/images/portfolio/illustration-logos/6.jpg]
[www.californialogodesigns.com/images/portfolio/illustration-logos/7.jpg]
[www.californialogodesigns.com/images/portfolio/illustration-logos/8.jpg]
[www.californialogodesigns.com/images/portfolio/illustration-logos/9.jpg]
[www.californialogodesigns.com/images/web-port/2.png]
[www.californialogodesigns.com/images/web-port/port-2.webp]
[www.californialogodesigns.com/images/web-port/3.png]
[www.californialogodesigns.com/images/web-port/port-3.webp]
[www.californialogodesigns.com/images/web-port/4.png]
[www.californialogodesigns.com/images/web-port/port-4.webp]
[www.californialogodesigns.com/images/web-port/5.png]
[www.californialogodesigns.com/images/web-port/port-5.webp]
[www.californialogodesigns.com/images/web-port/6.png]
[www.californialogodesigns.com/images/web-port/port-6.png]
[www.californialogodesigns.com/images/web-port/7.png]
[www.californialogodesigns.com/images/web-port/port-7.png]
[www.californialogodesigns.com/images/web-port/8.png]
[www.californialogodesigns.com/images/web-port/port-8.png]
[www.californialogodesigns.com/images/web-port/9.png]
[www.californialogodesigns.com/images/web-port/port-9.png]
[www.californialogodesigns.com/images/web-port/10.png]
[www.californialogodesigns.com/images/web-port/port-10.png]
[www.californialogodesigns.com/images/print-port/print-1.png]
[www.californialogodesigns.com/images/print-port/print-2.png]
[www.californialogodesigns.com/images/print-port/print-3.png]
[www.californialogodesigns.com/images/print-port/print-4.png]
[www.californialogodesigns.com/images/print-port/print-5.png]
[www.californialogodesigns.com/images/print-port/print-6.png]
[www.californialogodesigns.com/images/print-port/print-7.png]
[www.californialogodesigns.com/images/print-port/print-8.png]
[www.californialogodesigns.com/images/mobile-port/mobile-1.png]
[www.californialogodesigns.com/images/mobile-port/mobile-2.png]
[www.californialogodesigns.com/images/mobile-port/mobile-3.png]
[www.californialogodesigns.com/images/mobile-port/mobile-4.png]
[www.californialogodesigns.com/images/mobile-port/mobile-5.png]
[www.californialogodesigns.com/images/mobile-port/mobile-6.png]
[www.californialogodesigns.com/images/animation-port/animation-1.png]
[www.californialogodesigns.com/images/animation-port/animation-2.png]
[www.californialogodesigns.com/images/animation-port/animation-3.png]
[www.californialogodesigns.com/images/animation-port/animation-4.png]
[www.californialogodesigns.com/images/animation-port/animation-5.png]
[www.californialogodesigns.com/images/animation-port/animation-6.png]
[www.californialogodesigns.com/images/animation-port/animation-7.png]
[www.californialogodesigns.com/images/animation-port/animation-8.png]
[www.californialogodesigns.com/images/animation-port/animation-9.png]
[www.californialogodesigns.com/images/portfolio/more-categories/brand-book/big/img1.jpg]
[www.californialogodesigns.com/images/portfolio/more-categories/brand-book/big/img2.jpg]
[www.californialogodesigns.com/images/portfolio/more-categories/brand-book/big/img3.jpg]
[www.californialogodesigns.com/images/portfolio/more-categories/brand-book/big/img4.jpg]
[www.californialogodesigns.com/images/portfolio/more-categories/brand-book/big/img5.jpg]
[www.californialogodesigns.com/images/portfolio/more-categories/brand-book/big/img6.jpg]
[www.californialogodesigns.com/images/portfolio/more-categories/brand-book/big/img7.jpg]
[www.californialogodesigns.com/images/portfolio/more-categories/brand-book/big/img8.jpg]
[www.californialogodesigns.com/images/portfolio/more-categories/brand-book/big/img9.jpg]
[www.californialogodesigns.com/images/portfolio/more-categories/brand-book/big/img10.jpg]
[www.californialogodesigns.com/images/portfolio/more-categories/brand-book/big/img11.jpg]
[www.californialogodesigns.com/images/portfolio/more-categories/brand-book/big/img12.jpg]
[www.californialogodesigns.com/images/portfolio/more-categories/business-deck/big/img1.jpg]
[www.californialogodesigns.com/images/portfolio/more-categories/business-deck/big/img2.jpg]
[www.californialogodesigns.com/images/portfolio/more-categories/business-deck/big/img3.jpg]
[www.californialogodesigns.com/images/portfolio/more-categories/business-deck/big/img4.jpg]
[www.californialogodesigns.com/images/portfolio/more-categories/business-deck/big/img5.jpg]
[www.californialogodesigns.com/images/portfolio/more-categories/business-deck/big/img6.jpg]
[www.californialogodesigns.com/images/portfolio/more-categories/business-deck/big/img7.jpg]
[www.californialogodesigns.com/images/portfolio/more-categories/business-deck/big/img8.jpg]
[www.californialogodesigns.com/images/portfolio/more-categories/business-deck/big/img9.jpg]
[www.californialogodesigns.com/images/portfolio/more-categories/calendar/big/img1.jpg]
[www.californialogodesigns.com/images/portfolio/more-categories/calendar/big/img2.jpg]
[www.californialogodesigns.com/images/portfolio/more-categories/calendar/big/img3.jpg]
[www.californialogodesigns.com/images/portfolio/more-categories/calendar/big/img4.jpg]
[www.californialogodesigns.com/images/portfolio/more-categories/calendar/big/img5.jpg]
[www.californialogodesigns.com/images/portfolio/more-categories/calendar/big/img6.jpg]
[www.californialogodesigns.com/images/portfolio/more-categories/calendar/big/img7.jpg]
[www.californialogodesigns.com/images/portfolio/more-categories/souvenir/big/img1.jpg]
[www.californialogodesigns.com/images/portfolio/more-categories/souvenir/big/img2.jpg]
[www.californialogodesigns.com/images/portfolio/more-categories/souvenir/big/img3.jpg]
[www.californialogodesigns.com/images/portfolio/more-categories/souvenir/big/img4.jpg]
[www.californialogodesigns.com/images/portfolio/more-categories/souvenir/big/img5.jpg]
[www.californialogodesigns.com/images/portfolio/more-categories/souvenir/big/img6.jpg]
[www.californialogodesigns.com/images/portfolio/more-categories/souvenir/big/img7.jpg]
[www.californialogodesigns.com/images/portfolio/more-categories/souvenir/big/img8.jpg]
[www.californialogodesigns.com/images/portfolio/more-categories/event-tickets/big/img1.jpg]
[www.californialogodesigns.com/images/portfolio/more-categories/event-tickets/big/img2.jpg]
[www.californialogodesigns.com/images/portfolio/more-categories/event-tickets/big/img3.jpg]
[www.californialogodesigns.com/images/portfolio/more-categories/event-tickets/big/img4.jpg]
[www.californialogodesigns.com/images/portfolio/more-categories/event-tickets/big/img5.jpg]
[www.californialogodesigns.com/images/portfolio/more-categories/event-tickets/big/img6.jpg]
[www.californialogodesigns.com/images/portfolio/more-categories/event-tickets/big/img7.jpg]
[www.californialogodesigns.com/images/portfolio/more-categories/event-tickets/big/img8.jpg]
[www.californialogodesigns.com/images/portfolio/more-categories/event-tickets/big/img9.jpg]
[www.californialogodesigns.com/images/portfolio/more-categories/event-tickets/big/img10.jpg]
[www.californialogodesigns.com/images/portfolio/more-categories/event-tickets/big/img11.jpg]
[www.californialogodesigns.com/images/portfolio/more-categories/icon-design/big/img1.jpg]
[www.californialogodesigns.com/images/portfolio/more-categories/icon-design/big/img2.jpg]
[www.californialogodesigns.com/images/portfolio/more-categories/icon-design/big/img3.jpg]
[www.californialogodesigns.com/images/portfolio/more-categories/icon-design/big/img4.jpg]
[www.californialogodesigns.com/images/portfolio/more-categories/icon-design/big/img5.jpg]
[www.californialogodesigns.com/images/portfolio/more-categories/icon-design/big/img6.jpg]
[www.californialogodesigns.com/images/portfolio/more-categories/icon-design/big/img7.jpg]
[www.californialogodesigns.com/images/portfolio/more-categories/menu-design/big/img1.jpg]
[www.californialogodesigns.com/images/portfolio/more-categories/menu-design/big/img2.jpg]
[www.californialogodesigns.com/images/portfolio/more-categories/menu-design/big/img3.jpg]
[www.californialogodesigns.com/images/portfolio/more-categories/menu-design/big/img4.jpg]
[www.californialogodesigns.com/images/portfolio/more-categories/menu-design/big/img5.jpg]
[www.californialogodesigns.com/images/portfolio/more-categories/menu-design/big/img6.jpg]
[www.californialogodesigns.com/images/portfolio/more-categories/menu-design/big/img7.jpg]
[www.californialogodesigns.com/images/portfolio/more-categories/menu-design/big/img8.jpg]
[www.californialogodesigns.com/images/portfolio/more-categories/newsletter/big/img1.jpg]
[www.californialogodesigns.com/images/portfolio/more-categories/newsletter/big/img2.jpg]
[www.californialogodesigns.com/images/portfolio/more-categories/newsletter/big/img3.jpg]
[www.californialogodesigns.com/images/portfolio/more-categories/newsletter/big/img4.jpg]
[www.californialogodesigns.com/images/portfolio/more-categories/newsletter/big/img5.jpg]
[www.californialogodesigns.com/images/portfolio/more-categories/newsletter/big/img6.jpg]
[www.californialogodesigns.com/images/portfolio/more-categories/popup-design/big/img1.jpg]
[www.californialogodesigns.com/images/portfolio/more-categories/popup-design/big/img2.jpg]
[www.californialogodesigns.com/images/portfolio/more-categories/popup-design/big/img3.jpg]
[www.californialogodesigns.com/images/portfolio/more-categories/popup-design/big/img4.jpg]
[www.californialogodesigns.com/images/portfolio/more-categories/popup-design/big/img5.jpg]
[www.californialogodesigns.com/images/portfolio/more-categories/popup-design/big/img6.jpg]
[www.californialogodesigns.com/images/portfolio/more-categories/popup-design/big/img7.jpg]
[www.californialogodesigns.com/images/portfolio/more-categories/popup-design/big/img8.jpg]
[www.californialogodesigns.com/images/portfolio/more-categories/presentation-design/big/img1.jpg]
[www.californialogodesigns.com/images/portfolio/more-categories/presentation-design/big/img2.jpg]
[www.californialogodesigns.com/images/portfolio/more-categories/presentation-design/big/img3.jpg]
[www.californialogodesigns.com/images/portfolio/more-categories/presentation-design/big/img4.jpg]
[www.californialogodesigns.com/images/portfolio/more-categories/presentation-design/big/img5.jpg]
[www.californialogodesigns.com/images/portfolio/more-categories/presentation-design/big/img6.jpg]
[www.californialogodesigns.com/images/portfolio/more-categories/resume-design/big/img1.jpg]
[www.californialogodesigns.com/images/portfolio/more-categories/resume-design/big/img2.jpg]
[www.californialogodesigns.com/images/portfolio/more-categories/resume-design/big/img3.jpg]
[www.californialogodesigns.com/images/portfolio/more-categories/resume-design/big/img4.jpg]
[www.californialogodesigns.com/images/portfolio/more-categories/resume-design/big/img5.jpg]
[www.californialogodesigns.com/images/portfolio/more-categories/resume-design/big/img6.jpg]
[www.californialogodesigns.com/images/portfolio/more-categories/resume-design/big/img7.jpg]
[www.californialogodesigns.com/images/portfolio/more-categories/resume-design/big/img8.jpg]
[www.californialogodesigns.com/images/portfolio/more-categories/seasonal-logos/big/img1.jpg]
[www.californialogodesigns.com/images/portfolio/more-categories/seasonal-logos/big/img2.jpg]
[www.californialogodesigns.com/images/portfolio/more-categories/seasonal-logos/big/img3.jpg]
[www.californialogodesigns.com/images/portfolio/more-categories/seasonal-logos/big/img4.jpg]
[www.californialogodesigns.com/images/portfolio/more-categories/seasonal-logos/big/img5.jpg]
[www.californialogodesigns.com/images/portfolio/more-categories/seasonal-logos/big/img6.jpg]
[www.californialogodesigns.com/images/portfolio/more-categories/seasonal-logos/big/img7.jpg]
[www.californialogodesigns.com/images/portfolio/more-categories/seasonal-logos/big/img8.jpg]
[www.californialogodesigns.com/images/portfolio/more-categories/seasonal-logos/big/img9.jpg]
[www.californialogodesigns.com/images/globall-1.jpg]
[www.californialogodesigns.com/images/globall-2.jpg]
[www.californialogodesigns.com/images/globall-3.jpg]
[www.californialogodesigns.com/images/globall-4.jpg]
[www.californialogodesigns.com/images/icons/impacable-1.png]
[www.californialogodesigns.com/images/icons/impacable-2.png]
[www.californialogodesigns.com/images/icons/impacable-3.png]
[www.californialogodesigns.com/images/cta-logo-design-1.png]
[www.californialogodesigns.com/images/testi-2.png]
[www.californialogodesigns.com/images/comma.png]
[www.californialogodesigns.com/images/testi-3.png]
[www.californialogodesigns.com/images/testi-4.png]
[www.californialogodesigns.com/images/payment.jpg]
[www.californialogodesigns.com/cdn-cgi/l/email-protection.html]
[www.californialogodesigns.com/client-testimonials.html]
[www.californialogodesigns.com/images/trustpilot-icon.png]
[www.californialogodesigns.com/images/bark-icon.png]
[www.californialogodesigns.com/images/review-icon-2.png]
[www.californialogodesigns.com/education-logo-design.html]
[www.californialogodesigns.com/construction-logo-design.html]
[www.californialogodesigns.com/restaurant-logo-design.html]
[www.californialogodesigns.com/fashion-logo-design.html]
[www.californialogodesigns.com/hospital-logo-design.html]
[www.californialogodesigns.com/sports-logo-design.html]
[www.californialogodesigns.com/cosmetic-logo-design.html]
[www.californialogodesigns.com/fitness-logo-design.html]
[www.californialogodesigns.com/photography-logo-design.html]
[www.californialogodesigns.com/aviation-logo-design.html]
[www.californialogodesigns.com/car-logo-design-service.html]
[www.californialogodesigns.com/eye-logo-design.html]
[www.californialogodesigns.com/jewelry-logo-design.html]
[www.californialogodesigns.com/food-logo-design.html]
[www.californialogodesigns.com/game-logo-design.html]
[www.californialogodesigns.com/technology-logo-design.html]
[www.californialogodesigns.com/music-logo-design.html]
[www.californialogodesigns.com/automotive-logo-design.html]
[www.californialogodesigns.com/finance-logo-design.html]
[www.californialogodesigns.com/bakery-logo-design.html]
[www.californialogodesigns.com/beverage-logo-design.html]
[www.californialogodesigns.com/church-logo-design.html]
[www.californialogodesigns.com/foundation-logo-design.html]
[www.californialogodesigns.com/healthcare-logo-design.html]
[www.californialogodesigns.com/marine-logo-design.html]
[www.californialogodesigns.com/media-logo-design.html]
[www.californialogodesigns.com/dental-logo-design.html]
[www.californialogodesigns.com/event-logo-design.html]
[www.californialogodesigns.com/computer-logo-design.html]
[www.californialogodesigns.com/furniture-logo-design.html]
[www.californialogodesigns.com/refund-policy.html]
[www.californialogodesigns.com/new-pop-bg-2.png]
[www.californialogodesigns.com/auto-pop-bg-2-mob.png]
[www.californialogodesigns.com/auto-pop-bg-2.webp]
[www.californialogodesigns.com/cdn-cgi/scripts/5c5dd728/cloudflare-static/email-decode.min.js]
[code.jquery.com/jquery-1.10.2.min.js]
[www.californialogodesigns.com/js/bootstrap.min.js]
[www.californialogodesigns.com/js/wow.min.js]
[www.californialogodesigns.com/js/fancybox.js]
[www.californialogodesigns.com/js/slick.js]
[www.californialogodesigns.com/js/owl.carousel.min.js]
[www.californialogodesigns.com/js/clock.js]
[www.californialogodesigns.com/js/accordian-jquery-ui.js]
[www.californialogodesigns.com/js/parallax-scroll.js]
[cdnjs.cloudflare.com/ajax/libs/gsap/3.3.3/ScrollTrigger.min.js]
[cdnjs.cloudflare.com/ajax/libs/gsap/3.4.0/gsap.min.js]
[cdnjs.cloudflare.com/ajax/libs/jquery-circle-progress/1.2.2/circle-progress.min.js]
[www.californialogodesigns.com/chat.js]
[www.californialogodesigns.com/portfolio.html]
[www.californialogodesigns.com/js/custom.js]
[www.californialogodesigns.com/fonts/AvertaDemo-Regular.woff2]
[www.californialogodesigns.com/fonts/AvertaDemo-Regular.woff]
[www.californialogodesigns.com/fonts/AvertaW01-Semibold.woff2]
[www.californialogodesigns.com/fonts/AvertaW01-Semibold.woff]
[www.californialogodesigns.com/fonts/AvertaDemo-ExtraBoldItalic.woff2]
[www.californialogodesigns.com/fonts/AvertaDemo-ExtraBoldItalic.woff]
[www.californialogodesigns.com/fonts/AvertaDemoPECuttedDemo-Regular.woff2]
[www.californialogodesigns.com/fonts/AvertaDemoPECuttedDemo-Regular.woff]
[www.californialogodesigns.com/fonts/Averta-Regular.woff2]
[www.californialogodesigns.com/fonts/Averta-Regular.woff]
[www.californialogodesigns.com/fonts/Averta-Bold.woff2]
[www.californialogodesigns.com/fonts/Averta-Bold.woff]
[www.californialogodesigns.com/fonts/AvertaDemoPE-ExtraBold.woff2]
[www.californialogodesigns.com/fonts/AvertaDemoPE-ExtraBold.woff]
[www.californialogodesigns.com/fonts/BebasNeueLight.woff2]
[www.californialogodesigns.com/fonts/BebasNeueLight.woff]
[www.californialogodesigns.com/fonts/BebasNeueBold.woff2]
[www.californialogodesigns.com/fonts/BebasNeueBold.woff]
[www.californialogodesigns.com/fonts/BebasNeueBook.woff2]
[www.californialogodesigns.com/fonts/BebasNeueBook.woff]
[www.californialogodesigns.com/fonts/BebasNeueRegular.woff2]
[www.californialogodesigns.com/fonts/BebasNeueRegular.woff]
[www.californialogodesigns.com/fonts/BebasNeue-Thin.woff2]
[www.californialogodesigns.com/fonts/BebasNeue-Thin.woff]
[www.californialogodesigns.com/css/layout.css]
[www.californialogodesigns.com/css/animate.css]
[www.californialogodesigns.com/css/jquery.fancybox.min.css]
[www.californialogodesigns.com/css/fancybox.css]
[www.californialogodesigns.com/css/slick.css]
[www.californialogodesigns.com/images/banner-images/banner-1.webp]
[www.californialogodesigns.com/images/banner-after.png]
[www.californialogodesigns.com/images/footer-form-before.png]
[www.californialogodesigns.com/images/footer-before-img.webp]
[www.californialogodesigns.com/images/ser-before.png]
[www.californialogodesigns.com/images/cta-before.png]
[www.californialogodesigns.com/images/cta-after.png]
[www.californialogodesigns.com/images/choose-bg-box.png]
[www.californialogodesigns.com/images/gream-bg.webp]
[www.californialogodesigns.com/images/dream-before.png]
[www.californialogodesigns.com/images/testi-img-before.png]
[www.californialogodesigns.com/images/ind-before.png]
[www.californialogodesigns.com/images/footer-form-after.webp]
[www.californialogodesigns.com/images/banner-images/logo-designmain-bg.png]
[www.californialogodesigns.com/images/banner-images/logo-design-bnr.png]
[www.californialogodesigns.com/images/bird-cells-new.png]
[www.californialogodesigns.com/images/circle-banner.png]
[www.californialogodesigns.com/images/logo-need-before.png]
[www.californialogodesigns.com/images/logo-need-after.png]
[www.californialogodesigns.com/images/type-logo-bg.png]
[www.californialogodesigns.com/images/pric-main-bg.png]
[www.californialogodesigns.com/images/banner-images/web-design-bnr.png]
[www.californialogodesigns.com/images/banner-images/mobile-bnr.png]
[www.californialogodesigns.com/images/banner-images/animation-bnr.png]
[www.californialogodesigns.com/images/banner-images/print-bnr.png]
[www.californialogodesigns.com/images/pakg-bner-before.png]
[www.californialogodesigns.com/images/pakg-bner-after.png]
[www.californialogodesigns.com/images/banner-images/port-main-bgbnr.png]
[www.californialogodesigns.com/images/banner-images/pakg-bnr.png]
[www.californialogodesigns.com/images/banner-images/contact-bnr.png]
[www.californialogodesigns.com/images/banner-images/logo-design-bnr-edu.png]
[www.californialogodesigns.com/images/logo-edu-cshose-before.png]
[www.californialogodesigns.com/images/video-testi/testi-bg.jpg]
[www.californialogodesigns.com/css/style.css]
[www.californialogodesigns.com/css/responsive.css]
[www.californialogodesigns.com/fonts/fontawesome-webfont3e6e.eot]
[www.californialogodesigns.com/fonts/fontawesome-webfontd41d.eot]
[www.californialogodesigns.com/fonts/fontawesome-webfont3e6e.woff2]
[www.californialogodesigns.com/fonts/fontawesome-webfont3e6e.woff]
[www.californialogodesigns.com/fonts/fontawesome-webfont3e6e.ttf]
[www.californialogodesigns.com/css/font-awesome.min.css]
[cdnjs.cloudflare.com/ajax/libs/font-awesome/6.2.0/css/all.min.css]
[cdnjs.cloudflare.com/ajax/libs/font-awesome/4.7.0/css/font-awesome.css]
[www.californialogodesigns.com/fonts/fontawesome-webfont3e6e.svg]
[www.californialogodesigns.com/images/psd-2.png]
[www.californialogodesigns.com/images/AI-1.png]
[www.californialogodesigns.com/images/xd3.png]
[www.californialogodesigns.com/images/fig4.png]
[www.californialogodesigns.com/videos/home_section_videos/header_video.mp4]
[www.californialogodesigns.com/videos/home_section_videos/popweavercover.mp4]
[www.californialogodesigns.com/images/exp-icon1.png]
[www.californialogodesigns.com/images/exp-icon2.png]
[www.californialogodesigns.com/images/exp-icon3.png]
[www.californialogodesigns.com/images/home-port/logo-1.webp]
[www.californialogodesigns.com/images/home-port/logo-2.png]
[www.californialogodesigns.com/images/home-port/logo-3.png]
[www.californialogodesigns.com/images/home-port/logo-11.png]
[www.californialogodesigns.com/images/home-port/logo-5.png]
[www.californialogodesigns.com/images/home-port/logo-6.png]
[www.californialogodesigns.com/images/home-port/logo-7.png]
[www.californialogodesigns.com/images/home-port/logo-8.webp]
[www.californialogodesigns.com/images/home-port/logo-9.png]
[www.californialogodesigns.com/images/home-port/logo-10.png]
[www.californialogodesigns.com/images/home-port/logo-4.png]
[www.californialogodesigns.com/videos/home_section_videos/cdr-Logo.mp4]
[www.californialogodesigns.com/images/cta-img-1.png]
[www.californialogodesigns.com/images/icons/coose-icon-1.png]
[www.californialogodesigns.com/images/icons/coose-icon-2.png]
[www.californialogodesigns.com/images/icons/coose-icon-3.png]
[www.californialogodesigns.com/images/icons/coose-icon-4.png]
[www.californialogodesigns.com/images/icons/coose-icon-5.png]
[www.californialogodesigns.com/images/icons/coose-icon-6.png]
[www.californialogodesigns.com/images/ind-2.png]
[www.californialogodesigns.com/images/ind-3.png]
[www.californialogodesigns.com/images/ind-4.mp4]
[www.californialogodesigns.com/images/video-testi/namirta1-1.mp4]
[www.californialogodesigns.com/assets/images/video-testi/01.png]
[www.californialogodesigns.com/images/video-testi/video4.mp4]
[www.californialogodesigns.com/assets/images/video-testi/02.png]
[www.californialogodesigns.com/images/video-testi/Playback1.mp4]
[www.californialogodesigns.com/assets/images/video-testi/03.webp]
[www.californialogodesigns.com/images/video-testi/video5.mp4]
[www.californialogodesigns.com/assets/images/video-testi/04.png]
[www.californialogodesigns.com/images/video-testi/Playback2.mp4]
[www.californialogodesigns.com/assets/images/video-testi/05.webp]
[www.californialogodesigns.com/images/video-testi/Playback3.mp4]
[www.californialogodesigns.com/index.html]
[www.californialogodesigns.com/images/main-logo-brn-img.png]
[www.californialogodesigns.com/images/logo-need-111.png]
[www.californialogodesigns.com/images/portfolio/logodesign/logo-1.jpg]
[www.californialogodesigns.com/images/portfolio/logodesign/logo-2.jpg]
[www.californialogodesigns.com/images/portfolio/logodesign/logo-3.jpg]
[www.californialogodesigns.com/images/portfolio/logodesign/logo-4.jpg]
[www.californialogodesigns.com/images/portfolio/logodesign/logo-5.jpg]
[www.californialogodesigns.com/images/portfolio/logodesign/logo-6.jpg]
[www.californialogodesigns.com/images/portfolio/logodesign/logo-7.jpg]
[www.californialogodesigns.com/images/portfolio/logodesign/logo-8.jpg]
[www.californialogodesigns.com/images/portfolio/logodesign/logo-9.jpg]
[www.californialogodesigns.com/images/logo-cta-1.png]
[www.californialogodesigns.com/images/icons/lgo-cose-icon-1.png]
[www.californialogodesigns.com/images/icons/lgo-cose-icon-2.png]
[www.californialogodesigns.com/images/icons/lgo-cose-icon-3.png]
[www.californialogodesigns.com/images/icons/lgo-cose-icon-4.png]
[www.californialogodesigns.com/images/icons/lgo-cose-icon-5.png]
[www.californialogodesigns.com/images/icons/lgo-cose-icon-6.png]
[www.californialogodesigns.com/logo-design.html]
[www.californialogodesigns.com/images/main-web-brn-img.png]
[www.californialogodesigns.com/images/web-need-1.png]
[www.californialogodesigns.com/images/web-cta-1.png]
[www.californialogodesigns.com/images/icons/ch-web-icon-1.png]
[www.californialogodesigns.com/images/icons/ch-web-icon-2.png]
[www.californialogodesigns.com/images/icons/ch-web-icon-3.png]
[www.californialogodesigns.com/images/icons/ch-web-icon-4.png]
[www.californialogodesigns.com/images/icons/ch-web-icon-5.png]
[www.californialogodesigns.com/images/icons/ch-web-icon-6.png]
[www.californialogodesigns.com/web-design-and-development.html]
[www.californialogodesigns.com/images/vid-anim-bnr-img.png]
[www.californialogodesigns.com/images/anima-need-1.png]
[www.californialogodesigns.com/images/anim-cta-1.png]
[www.californialogodesigns.com/images/icons/ch-anim-icon-1.png]
[www.californialogodesigns.com/images/icons/ch-anim-icon-2.png]
[www.californialogodesigns.com/images/icons/ch-anim-icon-3.png]
[www.californialogodesigns.com/images/icons/ch-anim-icon-4.png]
[www.californialogodesigns.com/images/icons/ch-anim-icon-5.png]
[www.californialogodesigns.com/images/icons/ch-anim-icon-6.png]
[www.californialogodesigns.com/video-animation.html]
[www.californialogodesigns.com/images/main-print-brn-img.png]
[www.californialogodesigns.com/images/print-need-1.png]
[www.californialogodesigns.com/images/print-cta-1.png]
[www.californialogodesigns.com/images/icons/ch-print-icon-1.png]
[www.californialogodesigns.com/images/icons/ch-print-icon-2.png]
[www.californialogodesigns.com/images/icons/ch-print-icon-3.png]
[www.californialogodesigns.com/images/icons/ch-print-icon-4.png]
[www.californialogodesigns.com/images/icons/ch-print-icon-5.png]
[www.californialogodesigns.com/images/icons/ch-print-icon-6.png]
[www.californialogodesigns.com/print.html]
[www.californialogodesigns.com/images/main-mobile-brn-img.png]
[www.californialogodesigns.com/images/mobile-need-1.png]
[www.californialogodesigns.com/images/mobile-cta-1.png]
[www.californialogodesigns.com/images/icons/ch-mobile-icon-1.png]
[www.californialogodesigns.com/images/icons/ch-mobile-icon-2.png]
[www.californialogodesigns.com/images/icons/ch-mobile-icon-3.png]
[www.californialogodesigns.com/images/icons/ch-mobile-icon-4.png]
[www.californialogodesigns.com/images/icons/ch-mobile-icon-5.png]
[www.californialogodesigns.com/images/icons/ch-mobile-icon-6.png]
[www.californialogodesigns.com/mobile-app.html]
[www.californialogodesigns.com/images/2dmain-logo-brn-img.png]
[www.californialogodesigns.com/images/2d-need-1.png]
[www.californialogodesigns.com/images/icons/2dcoose-icon-1.png]
[www.californialogodesigns.com/images/icons/2dcoose-icon-2.png]
[www.californialogodesigns.com/images/icons/2dcoose-icon-3.png]
[www.californialogodesigns.com/images/icons/2dcoose-icon-4.png]
[www.californialogodesigns.com/images/icons/2dcoose-icon-5.png]
[www.californialogodesigns.com/images/icons/2dcoose-icon-6.png]
[www.californialogodesigns.com/2d-logo-design.html]
[www.californialogodesigns.com/images/main-logo3d-brn-img.png]
[www.californialogodesigns.com/images/logo-need-1.png]
[www.californialogodesigns.com/images/portfolio/3D-logo-design/3dcoose-icon-1.png]
[www.californialogodesigns.com/images/portfolio/3D-logo-design/3dcoose-icon-2.png]
[www.californialogodesigns.com/images/portfolio/3D-logo-design/3dcoose-icon-3.png]
[www.californialogodesigns.com/images/portfolio/3D-logo-design/3dcoose-icon-4.png]
[www.californialogodesigns.com/images/portfolio/3D-logo-design/3dcoose-icon-5.png]
[www.californialogodesigns.com/images/portfolio/3D-logo-design/3dcoose-icon-6.png]
[www.californialogodesigns.com/3d-logo-design.html]
[www.californialogodesigns.com/images/portfolio/mascot-logos/mascot-main-logo-brn-.png]
[www.californialogodesigns.com/images/portfolio/mascot-logos/mascot-need-1-.png]
[www.californialogodesigns.com/images/portfolio/mascot-logos/masct-coose-icon-1.png]
[www.californialogodesigns.com/images/portfolio/mascot-logos/masct-coose-icon-2.png]
[www.californialogodesigns.com/images/portfolio/mascot-logos/masct-coose-icon-3.png]
[www.californialogodesigns.com/images/portfolio/mascot-logos/masct-coose-icon-4.png]
[www.californialogodesigns.com/images/portfolio/mascot-logos/masct-coose-icon-5.png]
[www.californialogodesigns.com/images/portfolio/mascot-logos/masct-coose-icon-6.png]
[www.californialogodesigns.com/mascot-logo-design.html]
[www.californialogodesigns.com/videos/animat-1.mp4]
[www.californialogodesigns.com/videos/animat-2.mp4]
[www.californialogodesigns.com/videos/animat-3.mp4]
[www.californialogodesigns.com/videos/animat-5.mp4]
[www.californialogodesigns.com/videos/animat-6.mp4]
[www.californialogodesigns.com/videos/animat-4.mp4]
[www.californialogodesigns.com/videos/animat-7.mp4]
[www.californialogodesigns.com/videos/animat-8.mp4]
[www.californialogodesigns.com/images/portfolio/animated-logo/logo-need-1.gif]
[www.californialogodesigns.com/images/portfolio/animated-logo/ani-coose-icon-1.png]
[www.californialogodesigns.com/images/portfolio/animated-logo/ani-coose-icon-2.png]
[www.californialogodesigns.com/images/portfolio/animated-logo/ani-coose-icon-3.png]
[www.californialogodesigns.com/images/portfolio/animated-logo/ani-coose-icon-4.png]
[www.californialogodesigns.com/images/portfolio/animated-logo/ani-coose-icon-5.png]
[www.californialogodesigns.com/images/portfolio/animated-logo/ani-coose-icon-6.png]
[www.californialogodesigns.com/animated-logo-design.html]
[www.californialogodesigns.com/images/portfolio/illustration-logos/ills-main-logo-brn-img.png]
[www.californialogodesigns.com/images/portfolio/illustration-logos/ills-need-1-.png]
[www.californialogodesigns.com/images/portfolio/illustration-logos/ills-coose-icon-1.png]
[www.californialogodesigns.com/images/portfolio/illustration-logos/ills-coose-icon-3.png]
[www.californialogodesigns.com/images/portfolio/illustration-logos/ills-coose-icon-4.png]
[www.californialogodesigns.com/images/portfolio/illustration-logos/ills-coose-icon-5.png]
[www.californialogodesigns.com/images/portfolio/illustration-logos/ills-coose-icon-6.png]
[www.californialogodesigns.com/logo-illustration.html]
[www.californialogodesigns.com/images/main-pakg-brn-img.png]
[www.californialogodesigns.com/packages.html]
[www.californialogodesigns.com/images/main-conct-brn-img.png]
[www.californialogodesigns.com/contact-us.html]
[www.californialogodesigns.com/terms.html]
[www.californialogodesigns.com/privacy.html]
[www.californialogodesigns.com/images/video-testi/namirtatesti-girl-2.jpg]
[www.californialogodesigns.com/images/video-testi/testi-quote.png]
[www.californialogodesigns.com/images/video-testi/testi-4.png]
[www.californialogodesigns.com/images/video-testi/testi-1.png]
[www.californialogodesigns.com/images/video-testi/testi-5.png]
[www.californialogodesigns.com/images/video-testi/testi-2.png]
[www.californialogodesigns.com/images/video-testi/testi-3.png]
[www.californialogodesigns.com/client-testimonials.html]
[www.californialogodesigns.com/cdn-cgi/l/email-protection.html]
[www.californialogodesigns.com/images/main-edu-brn-img.png]
[www.californialogodesigns.com/images/Industries-icons/coose-edu-icon-1.png]
[www.californialogodesigns.com/images/Industries-icons/coose-edu-icon-2.png]
[www.californialogodesigns.com/images/Industries-icons/coose-edu-icon-3.png]
[www.californialogodesigns.com/images/Industries-icons/coose-edu-icon-4.png]
[www.californialogodesigns.com/images/Industries-icons/coose-edu-icon-5.png]
[www.californialogodesigns.com/images/Industries-icons/coose-edu-icon-6.png]
[www.californialogodesigns.com/images/why-chose-img/edu-designer-1.png]
[www.californialogodesigns.com/images/why-chose-img/edu-designer-2.png]
[www.californialogodesigns.com/images/why-chose-img/edu-designer-3.png]
[www.californialogodesigns.com/images/logo-port/logo-edu-1.png]
[www.californialogodesigns.com/images/logo-port/logo-edu-2.png]
[www.californialogodesigns.com/images/logo-port/logo-edu-3.png]
[www.californialogodesigns.com/images/logo-port/logo-edu-4.png]
[www.californialogodesigns.com/images/logo-port/logo-edu-5.png]
[www.californialogodesigns.com/images/logo-port/logo-edu-6.png]
[www.californialogodesigns.com/images/logo-port/logo-edu-7.png]
[www.californialogodesigns.com/images/logo-port/logo-edu-8.png]
[www.californialogodesigns.com/images/Industries-icons/designer-slid-1.png]
[www.californialogodesigns.com/images/Industries-icons/designer-slid-2.png]
[www.californialogodesigns.com/images/Industries-icons/designer-slid-3.png]
[www.californialogodesigns.com/images/Industries-icons/designer-slid-4.png]
[www.californialogodesigns.com/education-logo-design.html]
[www.californialogodesigns.com/images/cons-main-edu-brn-img.png]
[www.californialogodesigns.com/images/why-chose-img/cons-designer-1.png]
[www.californialogodesigns.com/images/why-chose-img/cons-designer-2.png]
[www.californialogodesigns.com/images/why-chose-img/cons-designer-3.png]
[www.californialogodesigns.com/images/designer-1.png]
[www.californialogodesigns.com/images/designer-2.png]
[www.californialogodesigns.com/images/designer-3.png]
[www.californialogodesigns.com/images/portfolio/industry/construction/1.jpg]
[www.californialogodesigns.com/images/portfolio/industry/construction/2.jpg]
[www.californialogodesigns.com/images/portfolio/industry/construction/3.jpg]
[www.californialogodesigns.com/images/portfolio/industry/construction/4.jpg]
[www.californialogodesigns.com/images/portfolio/industry/construction/5.jpg]
[www.californialogodesigns.com/images/portfolio/industry/construction/6.jpg]
[www.californialogodesigns.com/images/portfolio/industry/construction/7.jpg]
[www.californialogodesigns.com/images/portfolio/industry/construction/8.jpg]
[www.californialogodesigns.com/images/portfolio/industry/construction/9.jpg]
[www.californialogodesigns.com/images/portfolio/industry/construction/10.jpg]
[www.californialogodesigns.com/images/portfolio/industry/construction/11.jpg]
[www.californialogodesigns.com/images/portfolio/industry/construction/12.jpg]
[www.californialogodesigns.com/images/Industries-icons/cons-designer-1.png]
[www.californialogodesigns.com/images/Industries-icons/cons-designer-2.png]
[www.californialogodesigns.com/images/Industries-icons/cons-designer-3.png]
[www.californialogodesigns.com/images/Industries-icons/cons-designer-4.png]
[www.californialogodesigns.com/construction-logo-design.html]
[www.californialogodesigns.com/images/main-restaurant-brn-img.png]
[www.californialogodesigns.com/images/why-chose-img/food-designer-1.png]
[www.californialogodesigns.com/images/why-chose-img/food-designer-2.png]
[www.californialogodesigns.com/images/why-chose-img/food-designer-3.png]
[www.californialogodesigns.com/images/Industries-icons/rest-designer-1.png]
[www.californialogodesigns.com/images/Industries-icons/rest-designer-2.png]
[www.californialogodesigns.com/images/Industries-icons/rest-designer-3.png]
[www.californialogodesigns.com/images/portfolio/industry/restaurant/1.png]
[www.californialogodesigns.com/images/portfolio/industry/restaurant/2.png]
[www.californialogodesigns.com/images/portfolio/industry/restaurant/3.png]
[www.californialogodesigns.com/images/portfolio/industry/restaurant/4.png]
[www.californialogodesigns.com/images/portfolio/industry/restaurant/5.png]
[www.californialogodesigns.com/images/portfolio/industry/restaurant/6.png]
[www.californialogodesigns.com/images/portfolio/industry/restaurant/7.png]
[www.californialogodesigns.com/images/portfolio/industry/restaurant/8.png]
[www.californialogodesigns.com/images/Industries-icons/resrt-slid-1.png]
[www.californialogodesigns.com/images/Industries-icons/resrt-slid-2.png]
[www.californialogodesigns.com/images/Industries-icons/resrt-slid-3.png]
[www.californialogodesigns.com/images/Industries-icons/resrt-slid-4.png]
[www.californialogodesigns.com/restaurant-logo-design.html]
[www.californialogodesigns.com/images/main-fashion-brn-img.png]
[www.californialogodesigns.com/images/why-chose-img/jewe-designer-1.png]
[www.californialogodesigns.com/images/why-chose-img/jewe-designer-2.png]
[www.californialogodesigns.com/images/why-chose-img/jewe-designer-3.png]
[www.californialogodesigns.com/images/portfolio/industry/fashion/1.png]
[www.californialogodesigns.com/images/portfolio/industry/fashion/2.png]
[www.californialogodesigns.com/images/portfolio/industry/fashion/3.png]
[www.californialogodesigns.com/images/portfolio/industry/fashion/4.png]
[www.californialogodesigns.com/images/portfolio/industry/fashion/5.png]
[www.californialogodesigns.com/images/portfolio/industry/fashion/6.png]
[www.californialogodesigns.com/images/portfolio/industry/fashion/7.png]
[www.californialogodesigns.com/images/portfolio/industry/fashion/8.png]
[www.californialogodesigns.com/images/Industries-icons/fash-slid1.png]
[www.californialogodesigns.com/images/Industries-icons/fash-slid2.png]
[www.californialogodesigns.com/images/Industries-icons/fash-slid3.png]
[www.californialogodesigns.com/images/Industries-icons/fash-slid4.png]
[www.californialogodesigns.com/fashion-logo-design.html]
[www.californialogodesigns.com/images/hos-main-edu-brn-img.png]
[www.californialogodesigns.com/images/Industries-icons/hos-coose-edu-icon-1.png]
[www.californialogodesigns.com/images/Industries-icons/hos-coose-edu-icon-2.png]
[www.californialogodesigns.com/images/Industries-icons/hos-coose-edu-icon-3.png]
[www.californialogodesigns.com/images/Industries-icons/hos-coose-edu-icon-4.png]
[www.californialogodesigns.com/images/Industries-icons/hos-coose-edu-icon-5.png]
[www.californialogodesigns.com/images/Industries-icons/hos-coose-edu-icon-6.png]
[www.californialogodesigns.com/images/why-chose-img/hos-designer-1.png]
[www.californialogodesigns.com/images/why-chose-img/hos-designer-2.png]
[www.californialogodesigns.com/images/why-chose-img/hos-designer-3.png]
[www.californialogodesigns.com/images/portfolio/industry/hospital/1.jpg]
[www.californialogodesigns.com/images/portfolio/industry/hospital/2.jpg]
[www.californialogodesigns.com/images/portfolio/industry/hospital/3.jpg]
[www.californialogodesigns.com/images/portfolio/industry/hospital/4.jpg]
[www.californialogodesigns.com/images/portfolio/industry/hospital/5.jpg]
[www.californialogodesigns.com/images/portfolio/industry/hospital/6.jpg]
[www.californialogodesigns.com/images/portfolio/industry/hospital/7.jpg]
[www.californialogodesigns.com/images/portfolio/industry/hospital/8.jpg]
[www.californialogodesigns.com/images/portfolio/industry/hospital/9.jpg]
[www.californialogodesigns.com/images/portfolio/industry/hospital/10.jpg]
[www.californialogodesigns.com/images/portfolio/industry/hospital/11.jpg]
[www.californialogodesigns.com/images/portfolio/industry/hospital/12.jpg]
[www.californialogodesigns.com/images/Industries-icons/hos-designer-1.png]
[www.californialogodesigns.com/images/Industries-icons/hos-designer-2.png]
[www.californialogodesigns.com/images/Industries-icons/hos-designer-3.png]
[www.californialogodesigns.com/images/Industries-icons/hos-designer-4.png]
[www.californialogodesigns.com/hospital-logo-design.html]
[www.californialogodesigns.com/images/sports-main-edu-brn-img.png]
[www.californialogodesigns.com/images/why-chose-img/sports-designer-1.png]
[www.californialogodesigns.com/images/why-chose-img/sports-designer-2.png]
[www.californialogodesigns.com/images/why-chose-img/sports-designer-3.png]
[www.californialogodesigns.com/images/portfolio/industry/sports/1.jpg]
[www.californialogodesigns.com/images/portfolio/industry/sports/2.jpg]
[www.californialogodesigns.com/images/portfolio/industry/sports/3.jpg]
[www.californialogodesigns.com/images/portfolio/industry/sports/4.jpg]
[www.californialogodesigns.com/images/portfolio/industry/sports/5.jpg]
[www.californialogodesigns.com/images/portfolio/industry/sports/6.jpg]
[www.californialogodesigns.com/images/portfolio/industry/sports/7.jpg]
[www.californialogodesigns.com/images/portfolio/industry/sports/8.jpg]
[www.californialogodesigns.com/images/portfolio/industry/sports/9.jpg]
[www.californialogodesigns.com/images/portfolio/industry/sports/10.jpg]
[www.californialogodesigns.com/images/portfolio/industry/sports/11.jpg]
[www.californialogodesigns.com/images/portfolio/industry/sports/12.jpg]
[www.californialogodesigns.com/images/Industries-icons/spor-sliderd-1.png]
[www.californialogodesigns.com/images/Industries-icons/spor-sliderd-2.png]
[www.californialogodesigns.com/images/Industries-icons/spor-sliderd-3.png]
[www.californialogodesigns.com/images/Industries-icons/spor-sliderd-4.png]
[www.californialogodesigns.com/sports-logo-design.html]
[www.californialogodesigns.com/images/main-cosmetic-brn-img.png]
[www.californialogodesigns.com/images/portfolio/industry/comestic/1.png]
[www.californialogodesigns.com/images/portfolio/industry/comestic/2.png]
[www.californialogodesigns.com/images/portfolio/industry/comestic/3.png]
[www.californialogodesigns.com/images/portfolio/industry/comestic/4.png]
[www.californialogodesigns.com/images/portfolio/industry/comestic/5.png]
[www.californialogodesigns.com/images/portfolio/industry/comestic/6.png]
[www.californialogodesigns.com/images/portfolio/industry/comestic/7.png]
[www.californialogodesigns.com/images/portfolio/industry/comestic/8.png]
[www.californialogodesigns.com/images/portfolio/industry/comestic/9.png]
[www.californialogodesigns.com/images/portfolio/industry/comestic/10.png]
[www.californialogodesigns.com/images/portfolio/industry/comestic/11.png]
[www.californialogodesigns.com/images/portfolio/industry/comestic/12.png]
[www.californialogodesigns.com/images/Industries-icons/cosmet-slid-1.png]
[www.californialogodesigns.com/images/Industries-icons/cosmet-slid-2.png]
[www.californialogodesigns.com/images/Industries-icons/cosmet-slid-3.png]
[www.californialogodesigns.com/images/Industries-icons/cosmet-slid-4.png]
[www.californialogodesigns.com/cosmetic-logo-design.html]
[www.californialogodesigns.com/images/main-fitness-brn-img.png]
[www.californialogodesigns.com/images/portfolio/industry/fitness/1.png]
[www.californialogodesigns.com/images/portfolio/industry/fitness/2.png]
[www.californialogodesigns.com/images/portfolio/industry/fitness/3.png]
[www.californialogodesigns.com/images/portfolio/industry/fitness/4.png]
[www.californialogodesigns.com/images/portfolio/industry/fitness/5.png]
[www.californialogodesigns.com/images/portfolio/industry/fitness/6.png]
[www.californialogodesigns.com/images/portfolio/industry/fitness/7.png]
[www.californialogodesigns.com/images/portfolio/industry/fitness/8.png]
[www.californialogodesigns.com/images/portfolio/industry/fitness/9.png]
[www.californialogodesigns.com/images/portfolio/industry/fitness/10.png]
[www.californialogodesigns.com/images/portfolio/industry/fitness/11.png]
[www.californialogodesigns.com/images/portfolio/industry/fitness/12.png]
[www.californialogodesigns.com/images/Industries-icons/fit-slid1.png]
[www.californialogodesigns.com/images/Industries-icons/fit-slid2.png]
[www.californialogodesigns.com/images/Industries-icons/fit-slid3.png]
[www.californialogodesigns.com/images/Industries-icons/fit-slid4.png]
[www.californialogodesigns.com/fitness-logo-design.html]
[www.californialogodesigns.com/images/photo-main-edu-brn-img.png]
[www.californialogodesigns.com/images/why-chose-img/photo-designer-1.png]
[www.californialogodesigns.com/images/why-chose-img/photo-designer-2.png]
[www.californialogodesigns.com/images/why-chose-img/photo-designer-3.png]
[www.californialogodesigns.com/images/portfolio/industry/photography/1.jpg]
[www.californialogodesigns.com/images/portfolio/industry/photography/2.jpg]
[www.californialogodesigns.com/images/portfolio/industry/photography/3.jpg]
[www.californialogodesigns.com/images/portfolio/industry/photography/4.jpg]
[www.californialogodesigns.com/images/portfolio/industry/photography/5.jpg]
[www.californialogodesigns.com/images/portfolio/industry/photography/6.jpg]
[www.californialogodesigns.com/images/portfolio/industry/photography/7.jpg]
[www.californialogodesigns.com/images/portfolio/industry/photography/8.jpg]
[www.californialogodesigns.com/images/portfolio/industry/photography/9.jpg]
[www.californialogodesigns.com/images/portfolio/industry/photography/10.jpg]
[www.californialogodesigns.com/images/portfolio/industry/photography/11.jpg]
[www.californialogodesigns.com/images/portfolio/industry/photography/12.jpg]
[www.californialogodesigns.com/images/Industries-icons/photo-slider-1.png]
[www.californialogodesigns.com/images/Industries-icons/photo-slider-2.png]
[www.californialogodesigns.com/images/Industries-icons/photo-slider-3.png]
[www.californialogodesigns.com/images/Industries-icons/photo-slider-4.png]
[www.californialogodesigns.com/photography-logo-design.html]
[www.californialogodesigns.com/images/aviat-main-edu-brn-img.png]
[www.californialogodesigns.com/images/why-chose-img/aviat-designer-1.png]
[www.californialogodesigns.com/images/why-chose-img/aviat-designer-2.png]
[www.californialogodesigns.com/images/why-chose-img/aviat-designer-3.png]
[www.californialogodesigns.com/images/portfolio/industry/aviation/1.jpg]
[www.californialogodesigns.com/images/portfolio/industry/aviation/2.jpg]
[www.californialogodesigns.com/images/portfolio/industry/aviation/3.jpg]
[www.californialogodesigns.com/images/portfolio/industry/aviation/4.jpg]
[www.californialogodesigns.com/images/portfolio/industry/aviation/5.jpg]
[www.californialogodesigns.com/images/portfolio/industry/aviation/6.jpg]
[www.californialogodesigns.com/images/portfolio/industry/aviation/7.jpg]
[www.californialogodesigns.com/images/portfolio/industry/aviation/8.jpg]
[www.californialogodesigns.com/images/portfolio/industry/aviation/9.jpg]
[www.californialogodesigns.com/images/portfolio/industry/aviation/10.jpg]
[www.californialogodesigns.com/images/portfolio/industry/aviation/11.jpg]
[www.californialogodesigns.com/images/portfolio/industry/aviation/12.jpg]
[www.californialogodesigns.com/images/Industries-icons/avit-slid-1.png]
[www.californialogodesigns.com/images/Industries-icons/avit-slid-2.png]
[www.californialogodesigns.com/images/Industries-icons/avit-slid-3.png]
[www.californialogodesigns.com/images/Industries-icons/avit-slid-4.png]
[www.californialogodesigns.com/aviation-logo-design.html]
[www.californialogodesigns.com/images/main-car-brn-img.png]
[www.californialogodesigns.com/images/portfolio/industry/car/1.png]
[www.californialogodesigns.com/images/portfolio/industry/car/2.png]
[www.californialogodesigns.com/images/portfolio/industry/car/3.png]
[www.californialogodesigns.com/images/portfolio/industry/car/4.png]
[www.californialogodesigns.com/images/portfolio/industry/car/5.png]
[www.californialogodesigns.com/images/portfolio/industry/car/6.png]
[www.californialogodesigns.com/images/portfolio/industry/car/7.png]
[www.californialogodesigns.com/images/portfolio/industry/car/8.png]
[www.californialogodesigns.com/images/portfolio/industry/car/9+.png]
[www.californialogodesigns.com/images/portfolio/industry/car/10.png]
[www.californialogodesigns.com/images/portfolio/industry/car/11.png]
[www.californialogodesigns.com/images/portfolio/industry/car/12.png]
[www.californialogodesigns.com/images/Industries-icons/carslid-1.png]
[www.californialogodesigns.com/images/Industries-icons/carslid-2.png]
[www.californialogodesigns.com/images/Industries-icons/carslid-3.png]
[www.californialogodesigns.com/images/Industries-icons/carslid-4.png]
[www.californialogodesigns.com/car-logo-design-service.html]
[www.californialogodesigns.com/images/eyemain-edu-brn-img.png]
[www.californialogodesigns.com/images/portfolio/industry/eye/1.png]
[www.californialogodesigns.com/images/portfolio/industry/eye/2.png]
[www.californialogodesigns.com/images/portfolio/industry/eye/3.png]
[www.californialogodesigns.com/images/portfolio/industry/eye/4.png]
[www.californialogodesigns.com/images/portfolio/industry/eye/5.png]
[www.californialogodesigns.com/images/portfolio/industry/eye/6.png]
[www.californialogodesigns.com/images/portfolio/industry/eye/7.png]
[www.californialogodesigns.com/images/portfolio/industry/eye/8.png]
[www.californialogodesigns.com/images/portfolio/industry/eye/9.png]
[www.californialogodesigns.com/images/portfolio/industry/eye/10.png]
[www.californialogodesigns.com/images/portfolio/industry/eye/11.png]
[www.californialogodesigns.com/images/portfolio/industry/eye/12.png]
[www.californialogodesigns.com/images/Industries-icons/eye-slide-1.png]
[www.californialogodesigns.com/images/Industries-icons/eye-slide-2.png]
[www.californialogodesigns.com/images/Industries-icons/eye-slide-3.png]
[www.californialogodesigns.com/images/Industries-icons/eye-slide-4.png]
[www.californialogodesigns.com/eye-logo-design.html]
[www.californialogodesigns.com/images/foodmain-edu-brn-img.png]
[www.californialogodesigns.com/images/portfolio/industry/food/1.jpg]
[www.californialogodesigns.com/images/portfolio/industry/food/2.jpg]
[www.californialogodesigns.com/images/portfolio/industry/food/3.jpg]
[www.californialogodesigns.com/images/portfolio/industry/food/4.jpg]
[www.californialogodesigns.com/images/portfolio/industry/food/5.jpg]
[www.californialogodesigns.com/images/portfolio/industry/food/6.jpg]
[www.californialogodesigns.com/images/portfolio/industry/food/7.jpg]
[www.californialogodesigns.com/images/portfolio/industry/food/8.jpg]
[www.californialogodesigns.com/images/portfolio/industry/food/9.jpg]
[www.californialogodesigns.com/images/portfolio/industry/food/10.jpg]
[www.californialogodesigns.com/images/portfolio/industry/food/11.jpg]
[www.californialogodesigns.com/images/portfolio/industry/food/12.jpg]
[www.californialogodesigns.com/images/Industries-icons/slide-food-1.png]
[www.californialogodesigns.com/images/Industries-icons/slide-food-2.png]
[www.californialogodesigns.com/images/Industries-icons/slide-food-3.png]
[www.californialogodesigns.com/images/Industries-icons/slide-food-4.png]
[www.californialogodesigns.com/food-logo-design.html]
[www.californialogodesigns.com/images/jewelry-main-edu-brn-img.png]
[www.californialogodesigns.com/images/portfolio/industry/jewelery/1.jpg]
[www.californialogodesigns.com/images/portfolio/industry/jewelery/2.jpg]
[www.californialogodesigns.com/images/portfolio/industry/jewelery/3.jpg]
[www.californialogodesigns.com/images/portfolio/industry/jewelery/4.jpg]
[www.californialogodesigns.com/images/portfolio/industry/jewelery/5.jpg]
[www.californialogodesigns.com/images/portfolio/industry/jewelery/6.jpg]
[www.californialogodesigns.com/images/portfolio/industry/jewelery/7.jpg]
[www.californialogodesigns.com/images/portfolio/industry/jewelery/8.jpg]
[www.californialogodesigns.com/images/portfolio/industry/jewelery/9.jpg]
[www.californialogodesigns.com/images/portfolio/industry/jewelery/10.jpg]
[www.californialogodesigns.com/images/portfolio/industry/jewelery/11.jpg]
[www.californialogodesigns.com/images/portfolio/industry/jewelery/12.jpg]
[www.californialogodesigns.com/images/Industries-icons/jewe-slid-1.png]
[www.californialogodesigns.com/images/Industries-icons/jewe-slid-2.png]
[www.californialogodesigns.com/images/Industries-icons/jewe-slid-3.png]
[www.californialogodesigns.com/images/Industries-icons/jewe-slid-4.png]
[www.californialogodesigns.com/jewelry-logo-design.html]
[www.californialogodesigns.com/images/main-Game-brn-img.png]
[www.californialogodesigns.com/images/why-chose-img/game-designer-1.png]
[www.californialogodesigns.com/images/why-chose-img/game-designer-2.png]
[www.californialogodesigns.com/images/why-chose-img/game-designer-3.png]
[www.californialogodesigns.com/images/portfolio/industry/game/1.png]
[www.californialogodesigns.com/images/portfolio/industry/game/2.png]
[www.californialogodesigns.com/images/portfolio/industry/game/3.png]
[www.californialogodesigns.com/images/portfolio/industry/game/4.png]
[www.californialogodesigns.com/images/portfolio/industry/game/5.png]
[www.californialogodesigns.com/images/portfolio/industry/game/6.png]
[www.californialogodesigns.com/images/portfolio/industry/game/7.png]
[www.californialogodesigns.com/images/portfolio/industry/game/8.png]
[www.californialogodesigns.com/images/portfolio/industry/game/9.png]
[www.californialogodesigns.com/images/portfolio/industry/game/10.png]
[www.californialogodesigns.com/images/portfolio/industry/game/11.png]
[www.californialogodesigns.com/images/portfolio/industry/game/12.png]
[www.californialogodesigns.com/images/Industries-icons/gam-slid-1.png]
[www.californialogodesigns.com/images/Industries-icons/gam-slid-2.png]
[www.californialogodesigns.com/images/Industries-icons/gam-slid-3.png]
[www.californialogodesigns.com/images/Industries-icons/gam-slid-4.png]
[www.californialogodesigns.com/game-logo-design.html]
[www.californialogodesigns.com/images/main-technology-brn-img.png]
[www.californialogodesigns.com/images/why-chose-img/comp-designer-1.png]
[www.californialogodesigns.com/images/why-chose-img/comp-designer-2.png]
[www.californialogodesigns.com/images/why-chose-img/comp-designer-3.png]
[www.californialogodesigns.com/images/portfolio/industry/technology/1.png]
[www.californialogodesigns.com/images/portfolio/industry/technology/2.png]
[www.californialogodesigns.com/images/portfolio/industry/technology/3.png]
[www.californialogodesigns.com/images/portfolio/industry/technology/4.png]
[www.californialogodesigns.com/images/portfolio/industry/technology/5.png]
[www.californialogodesigns.com/images/portfolio/industry/technology/6.png]
[www.californialogodesigns.com/images/portfolio/industry/technology/7.png]
[www.californialogodesigns.com/images/portfolio/industry/technology/8.png]
[www.californialogodesigns.com/images/portfolio/industry/technology/9.png]
[www.californialogodesigns.com/images/portfolio/industry/technology/10.png]
[www.californialogodesigns.com/images/portfolio/industry/technology/11.png]
[www.californialogodesigns.com/images/portfolio/industry/technology/12.png]
[www.californialogodesigns.com/images/Industries-icons/tec-slidde-1.png]
[www.californialogodesigns.com/images/Industries-icons/tec-slidde-2.png]
[www.californialogodesigns.com/images/Industries-icons/tec-slidde-3.png]
[www.californialogodesigns.com/images/Industries-icons/tec-slidde-4.png]
[www.californialogodesigns.com/technology-logo-design.html]
[www.californialogodesigns.com/images/music-designer-1.png]
[www.californialogodesigns.com/images/why-chose-img/mus-designer-1.png]
[www.californialogodesigns.com/images/why-chose-img/mus-designer-2.png]
[www.californialogodesigns.com/images/why-chose-img/mus-designer-3.png]
[www.californialogodesigns.com/images/portfolio/industry/music/1.jpg]
[www.californialogodesigns.com/images/portfolio/industry/music/2.jpg]
[www.californialogodesigns.com/images/portfolio/industry/music/3.jpg]
[www.californialogodesigns.com/images/portfolio/industry/music/4.jpg]
[www.californialogodesigns.com/images/portfolio/industry/music/5.jpg]
[www.californialogodesigns.com/images/portfolio/industry/music/6.jpg]
[www.californialogodesigns.com/images/portfolio/industry/music/7.jpg]
[www.californialogodesigns.com/images/portfolio/industry/music/8.jpg]
[www.californialogodesigns.com/images/portfolio/industry/music/9.jpg]
[www.californialogodesigns.com/images/portfolio/industry/music/10.jpg]
[www.californialogodesigns.com/images/portfolio/industry/music/11.jpg]
[www.californialogodesigns.com/images/portfolio/industry/music/12.jpg]
[www.californialogodesigns.com/images/Industries-icons/slid-music-1.png]
[www.californialogodesigns.com/images/Industries-icons/slid-music-2.png]
[www.californialogodesigns.com/images/Industries-icons/slid-music-3.png]
[www.californialogodesigns.com/images/Industries-icons/slid-music-4.png]
[www.californialogodesigns.com/music-logo-design.html]
[www.californialogodesigns.com/images/autmain-edu-brn-img.png]
[www.californialogodesigns.com/images/portfolio/industry/automotive/1.jpg]
[www.californialogodesigns.com/images/portfolio/industry/automotive/2.jpg]
[www.californialogodesigns.com/images/portfolio/industry/automotive/3.jpg]
[www.californialogodesigns.com/images/portfolio/industry/automotive/4.jpg]
[www.californialogodesigns.com/images/portfolio/industry/automotive/5.jpg]
[www.californialogodesigns.com/images/portfolio/industry/automotive/6.jpg]
[www.californialogodesigns.com/images/portfolio/industry/automotive/7.jpg]
[www.californialogodesigns.com/images/portfolio/industry/automotive/8.jpg]
[www.californialogodesigns.com/images/portfolio/industry/automotive/9.jpg]
[www.californialogodesigns.com/images/portfolio/industry/automotive/10.jpg]
[www.californialogodesigns.com/images/portfolio/industry/automotive/11.jpg]
[www.californialogodesigns.com/images/portfolio/industry/automotive/12.jpg]
[www.californialogodesigns.com/images/Industries-icons/aut-slid-1.png]
[www.californialogodesigns.com/images/Industries-icons/aut-slid-2.png]
[www.californialogodesigns.com/images/Industries-icons/aut-slid-3.png]
[www.californialogodesigns.com/images/Industries-icons/aut-slid-4.png]
[www.californialogodesigns.com/automotive-logo-design.html]
[www.californialogodesigns.com/images/main-Bakery-brn-img.png]
[www.californialogodesigns.com/images/portfolio/industry/bakery/1.png]
[www.californialogodesigns.com/images/portfolio/industry/bakery/2.png]
[www.californialogodesigns.com/images/portfolio/industry/bakery/3.png]
[www.californialogodesigns.com/images/portfolio/industry/bakery/4.png]
[www.californialogodesigns.com/images/portfolio/industry/bakery/5.png]
[www.californialogodesigns.com/images/portfolio/industry/bakery/6.png]
[www.californialogodesigns.com/images/portfolio/industry/bakery/7.png]
[www.californialogodesigns.com/images/portfolio/industry/bakery/8.png]
[www.californialogodesigns.com/images/portfolio/industry/bakery/9.png]
[www.californialogodesigns.com/images/portfolio/industry/bakery/10.png]
[www.californialogodesigns.com/images/portfolio/industry/bakery/11.png]
[www.californialogodesigns.com/images/portfolio/industry/bakery/12.png]
[www.californialogodesigns.com/images/Industries-icons/bakrdesigner-1.png]
[www.californialogodesigns.com/images/Industries-icons/bakrdesigner-2.png]
[www.californialogodesigns.com/images/Industries-icons/bakrdesigner-3.png]
[www.californialogodesigns.com/images/Industries-icons/bakrdesigner-4.png]
[www.californialogodesigns.com/bakery-logo-design.html]
[www.californialogodesigns.com/images/main-finance-brn-img.png]
[www.californialogodesigns.com/images/why-chose-img/fine-designer-1.png]
[www.californialogodesigns.com/images/why-chose-img/fine-designer-2.png]
[www.californialogodesigns.com/images/why-chose-img/fine-designer-3.png]
[www.californialogodesigns.com/images/portfolio/industry/finance/1.png]
[www.californialogodesigns.com/images/portfolio/industry/finance/2.png]
[www.californialogodesigns.com/images/portfolio/industry/finance/3.png]
[www.californialogodesigns.com/images/portfolio/industry/finance/4.png]
[www.californialogodesigns.com/images/portfolio/industry/finance/5.png]
[www.californialogodesigns.com/images/portfolio/industry/finance/6.png]
[www.californialogodesigns.com/images/portfolio/industry/finance/7.png]
[www.californialogodesigns.com/images/portfolio/industry/finance/8.png]
[www.californialogodesigns.com/images/portfolio/industry/finance/9.png]
[www.californialogodesigns.com/images/portfolio/industry/finance/10.png]
[www.californialogodesigns.com/images/portfolio/industry/finance/11.png]
[www.californialogodesigns.com/images/portfolio/industry/finance/12.png]
[www.californialogodesigns.com/images/Industries-icons/finendesigner-1.png]
[www.californialogodesigns.com/images/Industries-icons/finendesigner-2.png]
[www.californialogodesigns.com/images/Industries-icons/finendesigner-3.png]
[www.californialogodesigns.com/images/Industries-icons/finendesigner-4.png]
[www.californialogodesigns.com/finance-logo-design.html]
[www.californialogodesigns.com/images/chruchmain-edu-brn-img.png]
[www.californialogodesigns.com/images/why-chose-img/church-designer-1.png]
[www.californialogodesigns.com/images/why-chose-img/church-designer-2.png]
[www.californialogodesigns.com/images/why-chose-img/church-designer-3.png]
[www.californialogodesigns.com/images/portfolio/industry/churches/1.jpg]
[www.californialogodesigns.com/images/portfolio/industry/churches/2.jpg]
[www.californialogodesigns.com/images/portfolio/industry/churches/3.jpg]
[www.californialogodesigns.com/images/portfolio/industry/churches/4.jpg]
[www.californialogodesigns.com/images/portfolio/industry/churches/5.jpg]
[www.californialogodesigns.com/images/portfolio/industry/churches/6.jpg]
[www.californialogodesigns.com/images/portfolio/industry/churches/7.jpg]
[www.californialogodesigns.com/images/portfolio/industry/churches/8.jpg]
[www.californialogodesigns.com/images/portfolio/industry/churches/9.jpg]
[www.californialogodesigns.com/images/portfolio/industry/churches/10.jpg]
[www.californialogodesigns.com/images/portfolio/industry/churches/11.jpg]
[www.californialogodesigns.com/images/portfolio/industry/churches/12.jpg]
[www.californialogodesigns.com/images/Industries-icons/sled-chruch-1.png]
[www.californialogodesigns.com/images/Industries-icons/sled-chruch-2.png]
[www.californialogodesigns.com/images/Industries-icons/sled-chruch-3.png]
[www.californialogodesigns.com/images/Industries-icons/sled-chruch-4.png]
[www.californialogodesigns.com/church-logo-design.html]
[www.californialogodesigns.com/images/bever-designer-.png]
[www.californialogodesigns.com/images/portfolio/industry/beverage/1.jpg]
[www.californialogodesigns.com/images/portfolio/industry/beverage/2.jpg]
[www.californialogodesigns.com/images/portfolio/industry/beverage/3.jpg]
[www.californialogodesigns.com/images/portfolio/industry/beverage/4.jpg]
[www.californialogodesigns.com/images/portfolio/industry/beverage/5.jpg]
[www.californialogodesigns.com/images/portfolio/industry/beverage/6.jpg]
[www.californialogodesigns.com/images/portfolio/industry/beverage/7.jpg]
[www.californialogodesigns.com/images/portfolio/industry/beverage/8.jpg]
[www.californialogodesigns.com/images/portfolio/industry/beverage/9.jpg]
[www.californialogodesigns.com/images/portfolio/industry/beverage/10.jpg]
[www.californialogodesigns.com/images/portfolio/industry/beverage/11.jpg]
[www.californialogodesigns.com/images/portfolio/industry/beverage/12.jpg]
[www.californialogodesigns.com/images/Industries-icons/slidbever-1.png]
[www.californialogodesigns.com/images/Industries-icons/slidbever-2.png]
[www.californialogodesigns.com/images/Industries-icons/slidbever-3.png]
[www.californialogodesigns.com/images/Industries-icons/slidbever-4.png]
[www.californialogodesigns.com/beverage-logo-design.html]
[www.californialogodesigns.com/images/main-foundation-brn-img.png]
[www.californialogodesigns.com/images/why-chose-img/found-designer-1.png]
[www.californialogodesigns.com/images/why-chose-img/found-designer-2.png]
[www.californialogodesigns.com/images/why-chose-img/found-designer-3.png]
[www.californialogodesigns.com/images/portfolio/industry/foundation/1.png]
[www.californialogodesigns.com/images/portfolio/industry/foundation/2.png]
[www.californialogodesigns.com/images/portfolio/industry/foundation/3.png]
[www.californialogodesigns.com/images/portfolio/industry/foundation/4.png]
[www.californialogodesigns.com/images/portfolio/industry/foundation/5.png]
[www.californialogodesigns.com/images/portfolio/industry/foundation/6.png]
[www.californialogodesigns.com/images/portfolio/industry/foundation/7.png]
[www.californialogodesigns.com/images/portfolio/industry/foundation/8.png]
[www.californialogodesigns.com/images/portfolio/industry/foundation/9.png]
[www.californialogodesigns.com/images/portfolio/industry/foundation/10.png]
[www.californialogodesigns.com/images/portfolio/industry/foundation/11.png]
[www.californialogodesigns.com/images/portfolio/industry/foundation/12.png]
[www.californialogodesigns.com/images/Industries-icons/found-des-1.png]
[www.californialogodesigns.com/images/Industries-icons/found-des-2.png]
[www.californialogodesigns.com/images/Industries-icons/found-des-3.png]
[www.californialogodesigns.com/images/Industries-icons/found-des-4.png]
[www.californialogodesigns.com/foundation-logo-design.html]
[www.californialogodesigns.com/images/main-health-brn-img.png]
[www.californialogodesigns.com/images/portfolio/industry/health/1.png]
[www.californialogodesigns.com/images/portfolio/industry/health/2.png]
[www.californialogodesigns.com/images/portfolio/industry/health/3.png]
[www.californialogodesigns.com/images/portfolio/industry/health/4.png]
[www.californialogodesigns.com/images/portfolio/industry/health/5.png]
[www.californialogodesigns.com/images/portfolio/industry/health/6.png]
[www.californialogodesigns.com/images/portfolio/industry/health/7.png]
[www.californialogodesigns.com/images/portfolio/industry/health/8.png]
[www.californialogodesigns.com/images/portfolio/industry/health/9.png]
[www.californialogodesigns.com/images/portfolio/industry/health/10.png]
[www.californialogodesigns.com/images/portfolio/industry/health/11.png]
[www.californialogodesigns.com/images/portfolio/industry/health/12.png]
[www.californialogodesigns.com/images/Industries-icons/health-slid-1.png]
[www.californialogodesigns.com/images/Industries-icons/health-slid-2.png]
[www.californialogodesigns.com/images/Industries-icons/health-slid-3.png]
[www.californialogodesigns.com/images/Industries-icons/health-slid-4.png]
[www.californialogodesigns.com/healthcare-logo-design.html]
[www.californialogodesigns.com/images/marin-main-edu-brn-img.png]
[www.californialogodesigns.com/images/why-chose-img/marin-designer-1.png]
[www.californialogodesigns.com/images/why-chose-img/marin-designer-2.png]
[www.californialogodesigns.com/images/why-chose-img/marin-designer-3.png]
[www.californialogodesigns.com/images/portfolio/industry/marine/1.jpg]
[www.californialogodesigns.com/images/portfolio/industry/marine/2.jpg]
[www.californialogodesigns.com/images/portfolio/industry/marine/3.jpg]
[www.californialogodesigns.com/images/portfolio/industry/marine/4.jpg]
[www.californialogodesigns.com/images/portfolio/industry/marine/5.jpg]
[www.californialogodesigns.com/images/portfolio/industry/marine/6.jpg]
[www.californialogodesigns.com/images/portfolio/industry/marine/7.jpg]
[www.californialogodesigns.com/images/portfolio/industry/marine/8.jpg]
[www.californialogodesigns.com/images/portfolio/industry/marine/9.jpg]
[www.californialogodesigns.com/images/portfolio/industry/marine/10.jpg]
[www.californialogodesigns.com/images/portfolio/industry/marine/11.jpg]
[www.californialogodesigns.com/images/portfolio/industry/marine/12.jpg]
[www.californialogodesigns.com/images/Industries-icons/marin-slid-1.png]
[www.californialogodesigns.com/images/Industries-icons/marin-slid-2.png]
[www.californialogodesigns.com/images/Industries-icons/marin-slid-3.png]
[www.californialogodesigns.com/images/Industries-icons/marin-slid-4.png]
[www.californialogodesigns.com/marine-logo-design.html]
[www.californialogodesigns.com/images/media-edu-brn-img.png]
[www.californialogodesigns.com/images/portfolio/industry/media/1.jpg]
[www.californialogodesigns.com/images/portfolio/industry/media/2.jpg]
[www.californialogodesigns.com/images/portfolio/industry/media/3.jpg]
[www.californialogodesigns.com/images/portfolio/industry/media/4.jpg]
[www.californialogodesigns.com/images/portfolio/industry/media/5.jpg]
[www.californialogodesigns.com/images/portfolio/industry/media/6.jpg]
[www.californialogodesigns.com/images/portfolio/industry/media/7.jpg]
[www.californialogodesigns.com/images/portfolio/industry/media/8.jpg]
[www.californialogodesigns.com/images/portfolio/industry/media/9.jpg]
[www.californialogodesigns.com/images/portfolio/industry/media/10.jpg]
[www.californialogodesigns.com/images/portfolio/industry/media/11.jpg]
[www.californialogodesigns.com/images/portfolio/industry/media/12.jpg]
[www.californialogodesigns.com/images/Industries-icons/medi-slid-1.png]
[www.californialogodesigns.com/images/Industries-icons/medi-slid-2.png]
[www.californialogodesigns.com/images/Industries-icons/medi-slid-3.png]
[www.californialogodesigns.com/images/Industries-icons/medi-slid-4.png]
[www.californialogodesigns.com/media-logo-design.html]
[www.californialogodesigns.com/images/main-dental-brn-img.png]
[www.californialogodesigns.com/images/portfolio/industry/dental/1.png]
[www.californialogodesigns.com/images/portfolio/industry/dental/2.png]
[www.californialogodesigns.com/images/portfolio/industry/dental/3.png]
[www.californialogodesigns.com/images/portfolio/industry/dental/4.png]
[www.californialogodesigns.com/images/portfolio/industry/dental/5.png]
[www.californialogodesigns.com/images/portfolio/industry/dental/6.png]
[www.californialogodesigns.com/images/portfolio/industry/dental/7.png]
[www.californialogodesigns.com/images/portfolio/industry/dental/8.png]
[www.californialogodesigns.com/images/portfolio/industry/dental/9.png]
[www.californialogodesigns.com/images/portfolio/industry/dental/10.png]
[www.californialogodesigns.com/images/portfolio/industry/dental/11.png]
[www.californialogodesigns.com/images/portfolio/industry/dental/12.png]
[www.californialogodesigns.com/images/Industries-icons/dentl-slid-1.png]
[www.californialogodesigns.com/images/Industries-icons/dentl-slid-2.png]
[www.californialogodesigns.com/images/Industries-icons/dentl-slid-3.png]
[www.californialogodesigns.com/images/Industries-icons/dentl-slid-4.png]
[www.californialogodesigns.com/dental-logo-design.html]
[www.californialogodesigns.com/images/main-event-brn-img.png]
[www.californialogodesigns.com/images/portfolio/industry/event/1.png]
[www.californialogodesigns.com/images/portfolio/industry/event/2.png]
[www.californialogodesigns.com/images/portfolio/industry/event/3.png]
[www.californialogodesigns.com/images/portfolio/industry/event/4.png]
[www.californialogodesigns.com/images/portfolio/industry/event/5.png]
[www.californialogodesigns.com/images/portfolio/industry/event/6.png]
[www.californialogodesigns.com/images/portfolio/industry/event/7.png]
[www.californialogodesigns.com/images/portfolio/industry/event/8.png]
[www.californialogodesigns.com/images/portfolio/industry/event/9.png]
[www.californialogodesigns.com/images/portfolio/industry/event/10.png]
[www.californialogodesigns.com/images/portfolio/industry/event/11.png]
[www.californialogodesigns.com/images/portfolio/industry/event/12.png]
[www.californialogodesigns.com/images/Industries-icons/event-slidde1.png]
[www.californialogodesigns.com/images/Industries-icons/event-slidde2.png]
[www.californialogodesigns.com/images/Industries-icons/event-slidde3.png]
[www.californialogodesigns.com/images/Industries-icons/event-slidde4.png]
[www.californialogodesigns.com/event-logo-design.html]
[www.californialogodesigns.com/images/cop-main-edu-brn-img.png]
[www.californialogodesigns.com/images/portfolio/industry/computer/1.jpg]
[www.californialogodesigns.com/images/portfolio/industry/computer/2.jpg]
[www.californialogodesigns.com/images/portfolio/industry/computer/3.jpg]
[www.californialogodesigns.com/images/portfolio/industry/computer/4.jpg]
[www.californialogodesigns.com/images/portfolio/industry/computer/5.jpg]
[www.californialogodesigns.com/images/portfolio/industry/computer/6.jpg]
[www.californialogodesigns.com/images/portfolio/industry/computer/7.jpg]
[www.californialogodesigns.com/images/portfolio/industry/computer/8.jpg]
[www.californialogodesigns.com/images/portfolio/industry/computer/9.jpg]
[www.californialogodesigns.com/images/portfolio/industry/computer/10.jpg]
[www.californialogodesigns.com/images/portfolio/industry/computer/11.jpg]
[www.californialogodesigns.com/images/portfolio/industry/computer/12.jpg]
[www.californialogodesigns.com/images/Industries-icons/cop-slid-1.png]
[www.californialogodesigns.com/images/Industries-icons/cop-slid-2.png]
[www.californialogodesigns.com/images/Industries-icons/cop-slid-3.png]
[www.californialogodesigns.com/images/Industries-icons/cop-slid-4.png]
[www.californialogodesigns.com/computer-logo-design.html]
[www.californialogodesigns.com/images/furtmain-edu-brn-img.png]
[www.californialogodesigns.com/images/why-chose-img/fur-designer-1.png]
[www.californialogodesigns.com/images/why-chose-img/fur-designer-2.png]
[www.californialogodesigns.com/images/why-chose-img/fur-designer-3.png]
[www.californialogodesigns.com/images/portfolio/industry/furniture/1.jpg]
[www.californialogodesigns.com/images/portfolio/industry/furniture/2.jpg]
[www.californialogodesigns.com/images/portfolio/industry/furniture/3.jpg]
[www.californialogodesigns.com/images/portfolio/industry/furniture/4.jpg]
[www.californialogodesigns.com/images/portfolio/industry/furniture/5.jpg]
[www.californialogodesigns.com/images/portfolio/industry/furniture/6.jpg]
[www.californialogodesigns.com/images/portfolio/industry/furniture/7.jpg]
[www.californialogodesigns.com/images/portfolio/industry/furniture/8.jpg]
[www.californialogodesigns.com/images/portfolio/industry/furniture/9.jpg]
[www.californialogodesigns.com/images/portfolio/industry/furniture/10.jpg]
[www.californialogodesigns.com/images/portfolio/industry/furniture/11.jpg]
[www.californialogodesigns.com/images/portfolio/industry/furniture/12.jpg]
[www.californialogodesigns.com/images/Industries-icons/futurdesigner-1.png]
[www.californialogodesigns.com/images/Industries-icons/futurdesigner-2.png]
[www.californialogodesigns.com/images/Industries-icons/futurdesigner-3.png]
[www.californialogodesigns.com/images/Industries-icons/futurdesigner-4.png]
[www.californialogodesigns.com/furniture-logo-design.html]
[www.californialogodesigns.com/refund-policy.html]
[www.californialogodesigns.com/new-pop-bg-2.html]
[www.californialogodesigns.com/auto-pop-bg-2-mob.html]
[www.californialogodesigns.com/fonts/AvertaDemo-Regular.html]
[www.californialogodesigns.com/fonts/AvertaDemo-Regular-2.html]
[www.californialogodesigns.com/fonts/AvertaW01-Semibold.html]
[www.californialogodesigns.com/fonts/AvertaW01-Semibold-2.html]
[www.californialogodesigns.com/fonts/AvertaDemo-ExtraBoldItalic.html]
[www.californialogodesigns.com/fonts/AvertaDemo-ExtraBoldItalic-2.html]
[www.californialogodesigns.com/fonts/AvertaDemoPECuttedDemo-Regular.html]
[www.californialogodesigns.com/fonts/AvertaDemoPECuttedDemo-Regular-2.html]
[www.californialogodesigns.com/fonts/Averta-Regular.html]
[www.californialogodesigns.com/fonts/Averta-Regular-2.html]
[www.californialogodesigns.com/fonts/Averta-Bold.html]
[www.californialogodesigns.com/fonts/Averta-Bold-2.html]
[www.californialogodesigns.com/fonts/AvertaDemoPE-ExtraBold.html]
[www.californialogodesigns.com/fonts/AvertaDemoPE-ExtraBold-2.html]
[www.californialogodesigns.com/fonts/BebasNeueLight.html]
[www.californialogodesigns.com/fonts/BebasNeueLight-2.html]
[www.californialogodesigns.com/fonts/BebasNeueBold.html]
[www.californialogodesigns.com/fonts/BebasNeueBold-2.html]
[www.californialogodesigns.com/fonts/BebasNeueBook.html]
[www.californialogodesigns.com/fonts/BebasNeueBook-2.html]
[www.californialogodesigns.com/fonts/BebasNeueRegular.html]
[www.californialogodesigns.com/fonts/BebasNeueRegular-2.html]
[www.californialogodesigns.com/fonts/BebasNeue-Thin.html]
[www.californialogodesigns.com/fonts/BebasNeue-Thin-2.html]
[www.californialogodesigns.com/fonts/fontawesome-webfont3e6e.svg]
[www.californialogodesigns.com/assets/images/video-testi/06.png]
